// Jest Snapshot v1, https://goo.gl/fbAQLP

exports[`renders correctly 1`] = `
<DocumentFragment>
  <div
    class="MuiBox-root css-ak5haf"
  >
    <div
      class="MuiContainer-root MuiContainer-maxWidthLg css-1cz631b-MuiContainer-root"
    >
      <img
        alt=""
        class="roomImg"
      />
      <div
        class="MuiBox-root css-10r4lgy"
      >
        <h3
          class="MuiTypography-root MuiTypography-h3 css-1trb445-MuiTypography-root"
        />
        <span
          class="MuiTypography-root MuiTypography-p css-1r5jnfa-MuiTypography-root"
        >
          Reservation Price $
        </span>
        <div
          class="MuiBox-root css-0"
        >
          <div
            class="MuiPaper-root MuiPaper-elevation MuiPaper-rounded MuiPaper-elevation1 MuiTableContainer-root css-11xur9t-MuiPaper-root-MuiTableContainer-root"
          >
            <table
              class="MuiTable-root css-1idx2ff-MuiTable-root"
            >
              <tbody
                class="MuiTableBody-root css-apqrd9-MuiTableBody-root"
              >
                <tr
                  class="MuiTableRow-root css-kxwusg-MuiTableRow-root"
                >
                  <th
                    class="MuiTableCell-root MuiTableCell-body MuiTableCell-sizeMedium css-1y7quc6-MuiTableCell-root"
                    scope="row"
                  >
                    Price
                  </th>
                  <td
                    class="MuiTableCell-root MuiTableCell-body MuiTableCell-alignRight MuiTableCell-sizeMedium css-f9hqh2-MuiTableCell-root"
                  />
                </tr>
                <tr
                  class="MuiTableRow-root css-kxwusg-MuiTableRow-root"
                >
                  <th
                    class="MuiTableCell-root MuiTableCell-body MuiTableCell-sizeMedium css-1y7quc6-MuiTableCell-root"
                    scope="row"
                  >
                    Transaction fee
                  </th>
                  <td
                    class="MuiTableCell-root MuiTableCell-body MuiTableCell-alignRight MuiTableCell-sizeMedium css-f9hqh2-MuiTableCell-root"
                  />
                </tr>
                <tr
                  class="MuiTableRow-root css-kxwusg-MuiTableRow-root"
                >
                  <th
                    class="MuiTableCell-root MuiTableCell-body MuiTableCell-sizeMedium css-1y7quc6-MuiTableCell-root"
                    scope="row"
                  >
                    Total amount
                  </th>
                  <td
                    class="MuiTableCell-root MuiTableCell-body MuiTableCell-alignRight MuiTableCell-sizeMedium css-f9hqh2-MuiTableCell-root"
                  >
                    0
                  </td>
                </tr>
                <tr
                  class="MuiTableRow-root css-kxwusg-MuiTableRow-root"
                >
                  <th
                    class="MuiTableCell-root MuiTableCell-body MuiTableCell-sizeMedium css-1y7quc6-MuiTableCell-root"
                    scope="row"
                  >
                    Cancelation Fee
                  </th>
                  <td
                    class="MuiTableCell-root MuiTableCell-body MuiTableCell-alignRight MuiTableCell-sizeMedium css-f9hqh2-MuiTableCell-root"
                  >
                    30%
                  </td>
                </tr>
              </tbody>
            </table>
          </div>
          <div
            class="MuiBox-root css-1nvaqrm"
          >
            <p
              class="MuiTypography-root MuiTypography-body1 css-ndaqpv-MuiTypography-root"
              varient="p"
            >
              5.9% APR
            </p>
            <p
              class="MuiTypography-root MuiTypography-body1 css-17893no-MuiTypography-root"
              varient="p"
            >
              Representative
            </p>
          </div>
        </div>
        <div
          class="MuiBox-root css-1a78bhu"
        >
          <a
            class="discoverLink"
            href="/mainpage"
          >
            <span
              class="MuiTypography-root MuiTypography-p css-1dq3t5l-MuiTypography-root"
            >
              Discover More Rooms
            </span>
            <svg
              aria-hidden="true"
              class="MuiSvgIcon-root MuiSvgIcon-fontSizeMedium css-7ksnoo-MuiSvgIcon-root"
              data-testid="ArrowCircleRightOutlinedIcon"
              focusable="false"
              viewBox="0 0 24 24"
            >
              <path
                d="M22 12c0-5.52-4.48-10-10-10S2 6.48 2 12s4.48 10 10 10 10-4.48 10-10zM4 12c0-4.42 3.58-8 8-8s8 3.58 8 8-3.58 8-8 8-8-3.58-8-8zm12 0-4 4-1.41-1.41L12.17 13H8v-2h4.17l-1.59-1.59L12 8l4 4z"
              />
            </svg>
          </a>
          <div
            class="MuiBox-root css-1mf35eq"
          >
            <div
              data-test-id="CircularProgressbarWithChildren"
            >
              <div
                style="position: relative; width: 100%; height: 100%;"
              >
                <svg
                  class="CircularProgressbar "
                  data-test-id="CircularProgressbar"
                  viewBox="0 0 100 100"
                >
                  <path
                    class="CircularProgressbar-trail"
                    d="
      M 50,50
      m 0,-45
      a 45,45 0 1 1 0,90
      a 45,45 0 1 1 0,-90
    "
                    fill-opacity="0"
                    stroke-width="10"
                    style="stroke-linecap: butt; stroke-dasharray: 282.7433388230814px 282.7433388230814px; stroke-dashoffset: 0px;"
                  />
                  <path
                    class="CircularProgressbar-path"
                    d="
      M 50,50
      m 0,-45
      a 45,45 0 1 1 0,90
      a 45,45 0 1 1 0,-90
    "
                    fill-opacity="0"
                    stroke-width="10"
                    style="stroke: #96bf01; stroke-linecap: butt; stroke-dasharray: 282.7433388230814px 282.7433388230814px; stroke-dashoffset: 0px;"
                  />
                  <text
                    class="CircularProgressbar-text"
                    style="fill: #96bf01;"
                    x="50"
                    y="50"
                  >
                    5
                  </text>
                </svg>
                <div
                  data-test-id="CircularProgressbarWithChildren__children"
                  style="position: absolute; width: 100%; height: 100%; margin-top: -100%; display: flex; flex-direction: column; justify-content: center; align-items: center;"
                >
                  <div
                    style="position: absolute; height: 100%; transform: rotate(0turn);"
                  >
                    <div
                      style="background: rgb(255, 255, 255); width: 2px; height: 10%;"
                    />
                  </div>
                  <div
                    style="position: absolute; height: 100%; transform: rotate(0.08333333333333333turn);"
                  >
                    <div
                      style="background: rgb(255, 255, 255); width: 2px; height: 10%;"
                    />
                  </div>
                  <div
                    style="position: absolute; height: 100%; transform: rotate(0.16666666666666666turn);"
                  >
                    <div
                      style="background: rgb(255, 255, 255); width: 2px; height: 10%;"
                    />
                  </div>
                  <div
                    style="position: absolute; height: 100%; transform: rotate(0.25turn);"
                  >
                    <div
                      style="background: rgb(255, 255, 255); width: 2px; height: 10%;"
                    />
                  </div>
                  <div
                    style="position: absolute; height: 100%; transform: rotate(0.3333333333333333turn);"
                  >
                    <div
                      style="background: rgb(255, 255, 255); width: 2px; height: 10%;"
                    />
                  </div>
                  <div
                    style="position: absolute; height: 100%; transform: rotate(0.41666666666666663turn);"
                  >
                    <div
                      style="background: rgb(255, 255, 255); width: 2px; height: 10%;"
                    />
                  </div>
                  <div
                    style="position: absolute; height: 100%; transform: rotate(0.5turn);"
                  >
                    <div
                      style="background: rgb(255, 255, 255); width: 2px; height: 10%;"
                    />
                  </div>
                  <div
                    style="position: absolute; height: 100%; transform: rotate(0.5833333333333333turn);"
                  >
                    <div
                      style="background: rgb(255, 255, 255); width: 2px; height: 10%;"
                    />
                  </div>
                  <div
                    style="position: absolute; height: 100%; transform: rotate(0.6666666666666666turn);"
                  >
                    <div
                      style="background: rgb(255, 255, 255); width: 2px; height: 10%;"
                    />
                  </div>
                  <div
                    style="position: absolute; height: 100%; transform: rotate(0.75turn);"
                  >
                    <div
                      style="background: rgb(255, 255, 255); width: 2px; height: 10%;"
                    />
                  </div>
                  <div
                    style="position: absolute; height: 100%; transform: rotate(0.8333333333333333turn);"
                  >
                    <div
                      style="background: rgb(255, 255, 255); width: 2px; height: 10%;"
                    />
                  </div>
                  <div
                    style="position: absolute; height: 100%; transform: rotate(0.9166666666666666turn);"
                  >
                    <div
                      style="background: rgb(255, 255, 255); width: 2px; height: 10%;"
                    />
                  </div>
                </div>
              </div>
            </div>
          </div>
          <button
            class="MuiButtonBase-root MuiButton-root MuiButton-contained MuiButton-containedSecondary MuiButton-sizeMedium MuiButton-containedSizeMedium MuiButton-root MuiButton-contained MuiButton-containedSecondary MuiButton-sizeMedium MuiButton-containedSizeMedium css-1k4tqnp-MuiButtonBase-root-MuiButton-root"
            tabindex="0"
            type="button"
          >
            <span
              class="MuiButton-startIcon MuiButton-iconSizeMedium css-1d6wzja-MuiButton-startIcon"
            >
              <svg
                aria-hidden="true"
                class="MuiSvgIcon-root MuiSvgIcon-fontSizeMedium css-i4bv87-MuiSvgIcon-root"
                data-testid="CallEndSharpIcon"
                focusable="false"
                viewBox="0 0 24 24"
              >
                <path
                  d="m3.68 16.07 3.92-3.11V9.59c2.85-.93 5.94-.93 8.8 0v3.38l3.91 3.1L24 12.39c-6.41-7.19-17.59-7.19-24 0l3.68 3.68z"
                />
              </svg>
            </span>
            Book Now
            <span
              class="MuiButton-endIcon MuiButton-iconSizeMedium css-9tj150-MuiButton-endIcon"
            >
              <svg
                aria-hidden="true"
                class="MuiSvgIcon-root MuiSvgIcon-fontSizeMedium css-i4bv87-MuiSvgIcon-root"
                data-testid="ArrowCircleRightOutlinedIcon"
                focusable="false"
                viewBox="0 0 24 24"
              >
                <path
                  d="M22 12c0-5.52-4.48-10-10-10S2 6.48 2 12s4.48 10 10 10 10-4.48 10-10zM4 12c0-4.42 3.58-8 8-8s8 3.58 8 8-3.58 8-8 8-8-3.58-8-8zm12 0-4 4-1.41-1.41L12.17 13H8v-2h4.17l-1.59-1.59L12 8l4 4z"
                />
              </svg>
            </span>
            <span
              class="MuiTouchRipple-root css-8je8zh-MuiTouchRipple-root"
            />
          </button>
        </div>
      </div>
    </div>
    <button
      class="carousel-button-left back-btn"
      type="button"
    >
      <svg
        aria-hidden="true"
        class="MuiSvgIcon-root MuiSvgIcon-fontSizeMedium css-i4bv87-MuiSvgIcon-root"
        data-testid="ArrowLeftOutlinedIcon"
        focusable="false"
        viewBox="0 0 24 24"
      >
        <path
          d="m14 7-5 5 5 5V7z"
        />
      </svg>
    </button>
  </div>
</DocumentFragment>
`;
