// Jest Snapshot v1, https://goo.gl/fbAQLP

exports[`renders correctly 1`] = `
<div
  className="MuiBox-root css-167yxyd"
>
  <div
    data-test-id="CircularProgressbarWithChildren"
  >
    <div
      style={
        Object {
          "height": "100%",
          "position": "relative",
          "width": "100%",
        }
      }
    >
      <svg
        className="CircularProgressbar "
        data-test-id="CircularProgressbar"
        style={Object {}}
        viewBox="0 0 100 100"
      >
        <path
          className="CircularProgressbar-trail"
          d="
      M 50,50
      m 0,-45
      a 45,45 0 1 1 0,90
      a 45,45 0 1 1 0,-90
    "
          fillOpacity={0}
          strokeWidth={10}
          style={
            Object {
              "strokeDasharray": "282.7433388230814px 282.7433388230814px",
              "strokeDashoffset": "0px",
              "strokeLinecap": "butt",
            }
          }
        />
        <path
          className="CircularProgressbar-path"
          d="
      M 50,50
      m 0,-45
      a 45,45 0 1 1 0,90
      a 45,45 0 1 1 0,-90
    "
          fillOpacity={0}
          strokeWidth={10}
          style={
            Object {
              "stroke": "#96bf01",
              "strokeDasharray": "282.7433388230814px 282.7433388230814px",
              "strokeDashoffset": "0px",
              "strokeLinecap": "butt",
            }
          }
        />
        <text
          className="CircularProgressbar-text"
          style={
            Object {
              "fill": "#96bf01",
            }
          }
          x={50}
          y={50}
        >
          5
        </text>
      </svg>
      <div
        data-test-id="CircularProgressbarWithChildren__children"
        style={
          Object {
            "alignItems": "center",
            "display": "flex",
            "flexDirection": "column",
            "height": "100%",
            "justifyContent": "center",
            "marginTop": "-100%",
            "position": "absolute",
            "width": "100%",
          }
        }
      >
        <div
          style={
            Object {
              "height": "100%",
              "position": "absolute",
              "transform": "rotate(0turn)",
            }
          }
        >
          <div
            style={
              Object {
                "background": "#fff",
                "height": "10%",
                "width": "3px",
              }
            }
          />
        </div>
        <div
          style={
            Object {
              "height": "100%",
              "position": "absolute",
              "transform": "rotate(0.2turn)",
            }
          }
        >
          <div
            style={
              Object {
                "background": "#fff",
                "height": "10%",
                "width": "3px",
              }
            }
          />
        </div>
        <div
          style={
            Object {
              "height": "100%",
              "position": "absolute",
              "transform": "rotate(0.4turn)",
            }
          }
        >
          <div
            style={
              Object {
                "background": "#fff",
                "height": "10%",
                "width": "3px",
              }
            }
          />
        </div>
        <div
          style={
            Object {
              "height": "100%",
              "position": "absolute",
              "transform": "rotate(0.6000000000000001turn)",
            }
          }
        >
          <div
            style={
              Object {
                "background": "#fff",
                "height": "10%",
                "width": "3px",
              }
            }
          />
        </div>
        <div
          style={
            Object {
              "height": "100%",
              "position": "absolute",
              "transform": "rotate(0.8turn)",
            }
          }
        >
          <div
            style={
              Object {
                "background": "#fff",
                "height": "10%",
                "width": "3px",
              }
            }
          />
        </div>
      </div>
    </div>
  </div>
</div>
`;
